Microchip MPLAB XC8 Compiler V2.00 ()

Linker command line:

-W-3 --edf=C:\Program Files (x86)\Microchip\xc8\v2.00\pic\dat\en_msgs.txt \
  -cs -h+dist/default/production\test1.X.production.sym \
  --cmf=dist/default/production\test1.X.production.cmf -z -Q18F4520 \
  -oC:\Users\user\AppData\Local\Temp\s77lo.2 --defsym=__MPLAB_BUILD=1 \
  -Mdist/default/production/test1.X.production.map -E1 -ver=XC8 \
  --acfsm=1493 -ASTACK=0164h-05ffh -pstack=STACK -ACODE=00h-07FFFh \
  -ACONST=00h-07FFFh -ASMALLCONST=0600h-06FFhx122 \
  -AMEDIUMCONST=0600h-07FFFh -ACOMRAM=01h-07Fh -AABS1=00h-05FFh \
  -ABIGRAM=01h-05FFh -ARAM=080h-0FFh,0100h-01FFhx5 -ABANK0=080h-0FFh \
  -ABANK1=0100h-01FFh -ABANK2=0200h-02FFh -ABANK3=0300h-03FFh \
  -ABANK4=0400h-04FFh -ABANK5=0500h-05FFh -ASFR=0F80h-0FFFh \
  -preset_vec=00h,intcode,intcodelo=018h,powerup,init -pramtop=0600h \
  -psmallconst=SMALLCONST -pmediumconst=MEDIUMCONST -pconst=CONST \
  -AFARRAM=00h-00h -ACONFIG=0300000h-030000Dh -pconfig=CONFIG \
  -AIDLOC=0200000h-0200007h -pidloc=IDLOC -AEEDATA=0F00000h-0F000FFh \
  -peeprom_data=EEDATA \
  -prdata=COMRAM,nvrram=COMRAM,nvbit=COMRAM,rbss=COMRAM,rbit=COMRAM \
  -pfarbss=FARRAM,fardata=FARRAM,nvFARRAM=FARRAM \
  -pintsave_regs=BIGRAM,bigbss=BIGRAM,bigdata=BIGRAM -pbss=RAM \
  -pidata=CODE,irdata=CODE,ibigdata=CODE,ifardata=CODE -prparam=COMRAM \
  C:\Users\user\AppData\Local\Temp\s77lo.o \
  dist/default/production\test1.X.production.o 

Object code version is 3.11

Machine type is 18F4520

Call graph: (short form)




                Name                               Link     Load   Length Selector   Space Scale
C:\Users\user\AppData\Local\Temp\s77lo.o
                init                                 C2       C2        4        C       0
                reset_vec                             0        0        4        0       0
                idloc                            200000   200000        8   200000       0
                config                           300000   300000        E   300000       0
dist/default/production\test1.X.production.o
                intcodelo                            18       18       AA        C       0
                temp                                 74       74        1        1       1
                smallconst                          600      600       66      300       0
                text36                             2DBC     2DBC       74      333       0
                text35                             2390     2390      1BE      333       0
                text34                             2B8C     2B8C       BC      333       0
                text33                             2D48     2D48       74      333       0
                text32                             175C     175C      384      333       0
                text31                             2CCC     2CCC       7C      333       0
                text30                             3270     3270       1C      333       0
                text29                             31EE     31EE       26      333       0
                text28                             313E     313E       40      333       0
                text27                             3254     3254       1C      333       0
                text26                             2E30     2E30       66      333       0
                text25                             2FB4     2FB4       5E      333       0
                text24                             3236     3236       1E      333       0
                text23                             317E     317E       3E      333       0
                text22                             1DF8     1DF8      1F2      333       0
                text21                             3214     3214       22      333       0
                text20                             2F56     2F56       5E      333       0
                text19                              666      666      584      333       0
                text18                              BEA      BEA      420      333       0
                text17                             288A     288A      152      333       0
                text16                             1FEA     1FEA      1DC      333       0
                text15                             2C48     2C48       84      333       0
                text14                             100A     100A      3C0      333       0
                text13                             30B0     30B0       4A      333       0
                text12                             254E     254E      1B0      333       0
                text11                             26FE     26FE      18C      333       0
                text10                             30FA     30FA       44      333       0
                text9                              328C     328C        2      333       0
                text8                              29DC     29DC       DE      333       0
                text7                              3064     3064       4C      333       0
                text6                              3012     3012       52      333       0
                text5                              2ABA     2ABA       D2      333       0
                text4                              1AE0     1AE0      318      333       0
                text3                              21C6     21C6      1CA      333       0
                text2                              2E96     2E96       62      333       0
                text1                              2EF8     2EF8       5E      333       0
                text0                              13CA     13CA      392      333       0
                cstackCOMRAM                          1        1       63        1       1
                cstackBANK0                          C2       C2       2B       80       1
                bssBANK1                            100      100       64      100       1
                bssBANK0                             80       80       42       80       1
                bssCOMRAM                            64       64       10        1       1
                cinit                              31BC     31BC       32      333       0

TOTAL           Name                               Link     Load   Length     Space
        CLASS   STACK          

        CLASS   CODE           
                intcodelo                            18       18       AA         0
                init                                 C2       C2        4         0
                reset_vec                             0        0        4         0
                text36                             2DBC     2DBC       74         0
                text35                             2390     2390      1BE         0
                text34                             2B8C     2B8C       BC         0
                text33                             2D48     2D48       74         0
                text32                             175C     175C      384         0
                text31                             2CCC     2CCC       7C         0
                text30                             3270     3270       1C         0
                text29                             31EE     31EE       26         0
                text28                             313E     313E       40         0
                text27                             3254     3254       1C         0
                text26                             2E30     2E30       66         0
                text25                             2FB4     2FB4       5E         0
                text24                             3236     3236       1E         0
                text23                             317E     317E       3E         0
                text22                             1DF8     1DF8      1F2         0
                text21                             3214     3214       22         0
                text20                             2F56     2F56       5E         0
                text19                              666      666      584         0
                text18                              BEA      BEA      420         0
                text17                             288A     288A      152         0
                text16                             1FEA     1FEA      1DC         0
                text15                             2C48     2C48       84         0
                text14                             100A     100A      3C0         0
                text13                             30B0     30B0       4A         0
                text12                             254E     254E      1B0         0
                text11                             26FE     26FE      18C         0
                text10                             30FA     30FA       44         0
                text9                              328C     328C        2         0
                text8                              29DC     29DC       DE         0
                text7                              3064     3064       4C         0
                text6                              3012     3012       52         0
                text5                              2ABA     2ABA       D2         0
                text4                              1AE0     1AE0      318         0
                text3                              21C6     21C6      1CA         0
                text2                              2E96     2E96       62         0
                text1                              2EF8     2EF8       5E         0
                text0                              13CA     13CA      392         0
                cinit                              31BC     31BC       32         0

        CLASS   CONST          

        CLASS   SMALLCONST     
                smallconst                          600      600       66         0

        CLASS   MEDIUMCONST    

        CLASS   COMRAM         
                temp                                 74       74        1         1
                cstackCOMRAM                          1        1       63         1
                bssCOMRAM                            64       64       10         1

        CLASS   ABS1           

        CLASS   BIGRAM         

        CLASS   RAM            

        CLASS   BANK0          
                cstackBANK0                          C2       C2       2B         1
                bssBANK0                             80       80       42         1

        CLASS   BANK1          
                bssBANK1                            100      100       64         1

        CLASS   BANK2          

        CLASS   BANK3          

        CLASS   BANK4          

        CLASS   BANK5          

        CLASS   SFR            

        CLASS   FARRAM         

        CLASS   CONFIG         
                config                           300000   300000        E         0

        CLASS   IDLOC          
                idloc                            200000   200000        8         0

        CLASS   EEDATA         



SEGMENTS        Name                           Load    Length   Top    Selector   Space  Class

                reset_vec                      000000  000004  000004         0       0  CODE    
                cstackCOMRAM                   000001  000074  000075         1       1  COMRAM  
                intcodelo                      000018  0000AE  0000C6         C       0  CODE    
                bssBANK0                       000080  00006D  0000ED        80       1  BANK0   
                bssBANK1                       000100  000064  000164       100       1  BANK1   
                smallconst                     000600  000066  000666       300       0  SMALLCON
                text19                         000666  002C28  00328E       333       0  CODE    
                idloc                          200000  000008  200008    200000       0  IDLOC   
                config                         300000  00000E  30000E    300000       0  CONFIG  


UNUSED ADDRESS RANGES

        Name                Unused          Largest block    Delta
        BANK0            0000ED-0000FF               13
        BANK1            000164-0001FF               9C
        BANK2            000200-0002FF              100
        BANK3            000300-0003FF              100
        BANK4            000400-0004FF              100
        BANK5            000500-0005FF              100
        BIGRAM           000075-00007F                B
                         0000ED-0000FF               13
                         000164-0005FF              49C
        CODE             000004-000017               14
                         0000C6-0005FF              53A
                         00328E-007FFF             4D72
        COMRAM           000075-00007F                B
        CONST            000004-000017               14
                         0000C6-0005FF              53A
                         00328E-007FFF             4D72
        EEDATA           F00000-F000FF              100
        MEDIUMCONST      00328E-007FFF             4D72
        RAM              0000ED-0000FF               13
                         000164-0005FF              100
        SFR              000F80-000FFF               80
        SMALLCONST       00328E-007FFF              100
        STACK            000164-0005FF              49C

                                  Symbol Table

?___aodiv                                cstackCOMRAM 000007
?___aomod                                cstackCOMRAM 000007
?___fladd                                cstackCOMRAM 00002E
?___fldiv                                cstackCOMRAM 000015
?___fltol                                cstackCOMRAM 000042
?___xxtofl                               cstackCOMRAM 000007
?_abs                                    cstackCOMRAM 000019
?_dtoa                                   cstackCOMRAM 000022
?_pad                                    cstackCOMRAM 000017
?_sprintf                                cstackCOMRAM 00005E
?_strlen                                 cstackCOMRAM 000007
?_vfpfcnvrt                              cstackCOMRAM 000046
?_vfprintf                               cstackCOMRAM 000056
AT_Command@ATCommand                     cstackCOMRAM 00000A
AT_Command@Checksum                      cstackCOMRAM 000011
AT_Command@Length                        cstackCOMRAM 000013
AT_Command@action                        cstackCOMRAM 00000C
Get_Sample@count                         cstackCOMRAM 00001F
Is_Checksum_Correct@checksum             cstackCOMRAM 00000A
Is_Checksum_Correct@i                    cstackCOMRAM 000009
Is_Data_Received@i                       cstackCOMRAM 000007
LCD_Char@Data                            cstackCOMRAM 00000D
LCD_Command@Command                      cstackCOMRAM 00000D
LCD_String@str                           cstackCOMRAM 00000E
LCD_String_xy@location                   cstackCOMRAM 000014
LCD_String_xy@msg                        cstackCOMRAM 000011
LCD_String_xy@pos                        cstackCOMRAM 000010
LCD_String_xy@row                        cstackCOMRAM 000013
LO_ISR@received_char                     cstackCOMRAM 000006
MSdelay@i                                cstackCOMRAM 000009
MSdelay@j                                cstackCOMRAM 00000B
MSdelay@val                              cstackCOMRAM 000007
Remote_AT_Command@ATCommand              cstackCOMRAM 000014
Remote_AT_Command@Checksum               cstackCOMRAM 000023
Remote_AT_Command@Length                 cstackCOMRAM 000021
Remote_AT_Command@Long_Address_LSB       cstackCOMRAM 00000E
Remote_AT_Command@Long_Address_MSB       cstackCOMRAM 00000A
Remote_AT_Command@Short_Address          cstackCOMRAM 000012
Remote_AT_Command@action                 cstackCOMRAM 000016
Remote_AT_Command@i                      cstackCOMRAM 00001D
Remote_AT_Command@i_551                  cstackCOMRAM 00001E
Remote_AT_Command@i_552                  cstackCOMRAM 00001F
Remote_AT_Command@i_553                  cstackCOMRAM 000020
Remote_AT_Command@i_554                  cstackCOMRAM 00001B
USART_Init@baud_rate                     cstackCOMRAM 00004C
USART_SendString@str                     cstackCOMRAM 000008
USART_TxChar@data                        cstackCOMRAM 000007
Write_AT_Command@ATCommand               cstackCOMRAM 000015
Write_AT_Command@_CommandValue           cstackCOMRAM 000017
Write_Remote_AT_Command@ATCommand        cstackCOMRAM 00002F
Write_Remote_AT_Command@Long_Address_LSB cstackCOMRAM 000029
Write_Remote_AT_Command@Long_Address_MSB cstackCOMRAM 000025
Write_Remote_AT_Command@Short_Address    cstackCOMRAM 00002D
Write_Remote_AT_Command@_CommandValue    cstackCOMRAM 000031
_AT_Command                              text22       001DF8
_AnalogData                              bssBANK0     000080
_BufferPointer                           bssCOMRAM    000072
_CCP1CONbits                             (abs)        000FBD
_CCPR1L                                  (abs)        000FBE
_CREN                                    (abs)        007D5C
_Command_Value                           bssCOMRAM    000064
_DigitalData                             bssBANK0     000090
_Get_Sample                              text31       002CCC
_INTCONbits                              (abs)        000FF2
_Is_Checksum_Correct                     text34       002B8C
_Is_Data_Received                        text33       002D48
_LATA0                                   (abs)        007C48
_LATA1                                   (abs)        007C49
_LATCbits                                (abs)        000F8B
_LATD                                    (abs)        000F8C
_LATDbits                                (abs)        000F8C
_LCD_Char                                text27       003254
_LCD_Clear                               text29       0031EE
_LCD_Command                             text30       003270
_LCD_Init                                text28       00313E
_LCD_String                              text26       002E30
_LCD_String_xy                           text25       002FB4
_LO_ISR                                  intcodelo    000018
_LastByteOfFrame                         bssCOMRAM    000070
_MSdelay                                 text36       002DBC
_OSCCON                                  (abs)        000FD3
_PIE1bits                                (abs)        000F9D
_PR2                                     (abs)        000FCB
_RC0                                     (abs)        007C10
_RC1                                     (abs)        007C11
_RCIF                                    (abs)        007CF5
_RCREG                                   (abs)        000FAE
_RCSTA                                   (abs)        000FAB
_RCSTAbits                               (abs)        000FAB
_ReceiveBuffer                           bssBANK1     000100
_Remote_AT_Command                       text14       00100A
_SPBRG                                   (abs)        000FAF
_SetTo_Broadcast                         text20       002F56
_T2CONbits                               (abs)        000FCA
_TRISA                                   (abs)        000F92
_TRISC6                                  (abs)        007CA6
_TRISC7                                  (abs)        007CA7
_TRISCbits                               (abs)        000F94
_TRISD                                   (abs)        000F95
_TRISDbits                               (abs)        000F95
_TXIF                                    (abs)        007CF4
_TXREG                                   (abs)        000FAD
_TXSTA                                   (abs)        000FAC
_USART_Init                              text15       002C48
_USART_SendString                        text23       00317E
_USART_TxChar                            text24       003236
_Write_AT_Command                        text21       003214
_Write_Remote_AT_Command                 text13       0030B0
__CFG_BOREN$SBORDIS                      (abs)        000000
__CFG_BORV$3                             (abs)        000000
__CFG_CCP2MX$PORTC                       (abs)        000000
__CFG_CP0$OFF                            (abs)        000000
__CFG_CP1$OFF                            (abs)        000000
__CFG_CP2$OFF                            (abs)        000000
__CFG_CP3$OFF                            (abs)        000000
__CFG_CPB$OFF                            (abs)        000000
__CFG_CPD$OFF                            (abs)        000000
__CFG_EBTR0$OFF                          (abs)        000000
__CFG_EBTR1$OFF                          (abs)        000000
__CFG_EBTR2$OFF                          (abs)        000000
__CFG_EBTR3$OFF                          (abs)        000000
__CFG_EBTRB$OFF                          (abs)        000000
__CFG_FCMEN$OFF                          (abs)        000000
__CFG_IESO$OFF                           (abs)        000000
__CFG_LPT1OSC$OFF                        (abs)        000000
__CFG_LVP$OFF                            (abs)        000000
__CFG_MCLRE$ON                           (abs)        000000
__CFG_OSC$INTIO67                        (abs)        000000
__CFG_PBADEN$OFF                         (abs)        000000
__CFG_PWRT$OFF                           (abs)        000000
__CFG_STVREN$ON                          (abs)        000000
__CFG_WDT$OFF                            (abs)        000000
__CFG_WDTPS$32768                        (abs)        000000
__CFG_WRT0$OFF                           (abs)        000000
__CFG_WRT1$OFF                           (abs)        000000
__CFG_WRT2$OFF                           (abs)        000000
__CFG_WRT3$OFF                           (abs)        000000
__CFG_WRTB$OFF                           (abs)        000000
__CFG_WRTC$OFF                           (abs)        000000
__CFG_WRTD$OFF                           (abs)        000000
__CFG_XINST$OFF                          (abs)        000000
__HRAM                                   (abs)        000000
__Habs1                                  abs1         000000
__Hbank0                                 bank0        000000
__Hbank1                                 bank1        000000
__Hbank2                                 bank2        000000
__Hbank3                                 bank3        000000
__Hbank4                                 bank4        000000
__Hbank5                                 bank5        000000
__Hbigbss                                bigbss       000000
__Hbigdata                               bigdata      000000
__Hbigram                                bigram       000000
__Hbss                                   bss          000000
__HbssBANK0                              bssBANK0     000000
__HbssBANK1                              bssBANK1     000000
__HbssCOMRAM                             bssCOMRAM    000000
__Hcinit                                 cinit        000000
__Hclrtext                               clrtext      000000
__Hcomram                                comram       000000
__Hconfig                                config       30000E
__Hconst                                 const        000000
__HcstackBANK0                           cstackBANK0  000000
__HcstackCOMRAM                          cstackCOMRAM 000000
__Hdata                                  data         000000
__Heeprom_data                           eeprom_data  000000
__Hfarbss                                farbss       000000
__Hfardata                               fardata      000000
__Hibigdata                              ibigdata     000000
__Hidata                                 idata        000000
__Hidloc                                 idloc        200008
__Hifardata                              ifardata     000000
__Hinit                                  init         0000C6
__Hintcode                               intcode      000004
__Hintcode_body                          intcode_body 000000
__Hintcodelo                             intcodelo    0000C2
__Hintentry                              intentry     000000
__Hintret                                intret       000000
__Hintsave_regs                          intsave_regs 000000
__Hirdata                                irdata       000000
__Hmediumconst                           mediumconst  000000
__HnvFARRAM                              nvFARRAM     000000
__Hnvbit                                 nvbit        000000
__Hnvrram                                nvrram       000000
__Hparam                                 rparam       000000
__Hpowerup                               powerup      0000C2
__Hram                                   ram          000000
__Hramtop                                ramtop       000600
__Hrbit                                  rbit         000000
__Hrbss                                  rbss         000000
__Hrdata                                 rdata        000000
__Hreset_vec                             reset_vec    000004
__Hrparam                                rparam       000000
__Hsfr                                   sfr          000000
__Hsmallconst                            smallconst   000666
__Hspace_0                               (abs)        30000E
__Hspace_1                               (abs)        000164
__Hspace_2                               (abs)        000000
__Hstack                                 stack        000000
__Hstruct                                struct       000000
__Htemp                                  temp         000075
__Htext                                  text         000000
__Htext0                                 text0        000000
__Htext1                                 text1        000000
__Htext10                                text10       000000
__Htext11                                text11       000000
__Htext12                                text12       000000
__Htext13                                text13       000000
__Htext14                                text14       000000
__Htext15                                text15       000000
__Htext16                                text16       000000
__Htext17                                text17       000000
__Htext18                                text18       000000
__Htext19                                text19       000000
__Htext2                                 text2        000000
__Htext20                                text20       000000
__Htext21                                text21       000000
__Htext22                                text22       000000
__Htext23                                text23       000000
__Htext24                                text24       000000
__Htext25                                text25       000000
__Htext26                                text26       000000
__Htext27                                text27       000000
__Htext28                                text28       000000
__Htext29                                text29       000000
__Htext3                                 text3        000000
__Htext30                                text30       000000
__Htext31                                text31       000000
__Htext32                                text32       000000
__Htext33                                text33       000000
__Htext34                                text34       000000
__Htext35                                text35       000000
__Htext36                                text36       000000
__Htext4                                 text4        000000
__Htext5                                 text5        000000
__Htext6                                 text6        000000
__Htext7                                 text7        000000
__Htext8                                 text8        000000
__Htext9                                 text9        000000
__IsContainsAnalog                       bssBANK0     0000A0
__IsContainsDigital                      bssBANK0     0000A1
__LRAM                                   (abs)        000001
__Labs1                                  abs1         000000
__Lbank0                                 bank0        000000
__Lbank1                                 bank1        000000
__Lbank2                                 bank2        000000
__Lbank3                                 bank3        000000
__Lbank4                                 bank4        000000
__Lbank5                                 bank5        000000
__Lbigbss                                bigbss       000000
__Lbigdata                               bigdata      000000
__Lbigram                                bigram       000000
__Lbss                                   bss          000000
__LbssBANK0                              bssBANK0     000000
__LbssBANK1                              bssBANK1     000000
__LbssCOMRAM                             bssCOMRAM    000000
__Lcinit                                 cinit        000000
__Lclrtext                               clrtext      000000
__Lcomram                                comram       000000
__Lconfig                                config       300000
__Lconst                                 const        000000
__LcstackBANK0                           cstackBANK0  000000
__LcstackCOMRAM                          cstackCOMRAM 000000
__Ldata                                  data         000000
__Leeprom_data                           eeprom_data  000000
__Lfarbss                                farbss       000000
__Lfardata                               fardata      000000
__Libigdata                              ibigdata     000000
__Lidata                                 idata        000000
__Lidloc                                 idloc        200000
__Lifardata                              ifardata     000000
__Linit                                  init         0000C2
__Lintcode                               intcode      000004
__Lintcode_body                          intcode_body 000000
__Lintcodelo                             intcodelo    000018
__Lintentry                              intentry     000000
__Lintret                                intret       000000
__Lintsave_regs                          intsave_regs 000000
__Lirdata                                irdata       000000
__Lmediumconst                           mediumconst  000000
__LnvFARRAM                              nvFARRAM     000000
__Lnvbit                                 nvbit        000000
__Lnvrram                                nvrram       000000
__Lparam                                 rparam       000000
__Lpowerup                               powerup      0000C2
__Lram                                   ram          000000
__Lramtop                                ramtop       000600
__Lrbit                                  rbit         000000
__Lrbss                                  rbss         000000
__Lrdata                                 rdata        000000
__Lreset_vec                             reset_vec    000000
__Lrparam                                rparam       000000
__Lsfr                                   sfr          000000
__Lsmallconst                            smallconst   000600
__Lspace_0                               (abs)        000000
__Lspace_1                               (abs)        000000
__Lspace_2                               (abs)        000000
__Lstack                                 stack        000000
__Lstruct                                struct       000000
__Ltemp                                  temp         000074
__Ltext                                  text         000000
__Ltext0                                 text0        000000
__Ltext1                                 text1        000000
__Ltext10                                text10       000000
__Ltext11                                text11       000000
__Ltext12                                text12       000000
__Ltext13                                text13       000000
__Ltext14                                text14       000000
__Ltext15                                text15       000000
__Ltext16                                text16       000000
__Ltext17                                text17       000000
__Ltext18                                text18       000000
__Ltext19                                text19       000000
__Ltext2                                 text2        000000
__Ltext20                                text20       000000
__Ltext21                                text21       000000
__Ltext22                                text22       000000
__Ltext23                                text23       000000
__Ltext24                                text24       000000
__Ltext25                                text25       000000
__Ltext26                                text26       000000
__Ltext27                                text27       000000
__Ltext28                                text28       000000
__Ltext29                                text29       000000
__Ltext3                                 text3        000000
__Ltext30                                text30       000000
__Ltext31                                text31       000000
__Ltext32                                text32       000000
__Ltext33                                text33       000000
__Ltext34                                text34       000000
__Ltext35                                text35       000000
__Ltext36                                text36       000000
__Ltext4                                 text4        000000
__Ltext5                                 text5        000000
__Ltext6                                 text6        000000
__Ltext7                                 text7        000000
__Ltext8                                 text8        000000
__Ltext9                                 text9        000000
__S0                                     (abs)        30000E
__S1                                     (abs)        000164
__S2                                     (abs)        000000
___aodiv                                 text12       00254E
___aodiv@counter                         cstackCOMRAM 000017
___aodiv@dividend                        cstackCOMRAM 000007
___aodiv@divisor                         cstackCOMRAM 00000F
___aodiv@quotient                        cstackCOMRAM 000019
___aodiv@sign                            cstackCOMRAM 000018
___aomod                                 text11       0026FE
___aomod@counter                         cstackCOMRAM 000017
___aomod@dividend                        cstackCOMRAM 000007
___aomod@divisor                         cstackCOMRAM 00000F
___aomod@sign                            cstackCOMRAM 000018
___fladd                                 text19       000666
___fladd@a                               cstackCOMRAM 000032
___fladd@aexp                            cstackCOMRAM 00003F
___fladd@b                               cstackCOMRAM 00002E
___fladd@bexp                            cstackCOMRAM 000040
___fladd@grs                             cstackCOMRAM 000041
___fladd@signs                           cstackCOMRAM 00003E
___fldiv                                 text18       000BEA
___fldiv@a                               cstackCOMRAM 000019
___fldiv@aexp                            cstackCOMRAM 00002D
___fldiv@b                               cstackCOMRAM 000015
___fldiv@bexp                            cstackCOMRAM 00002C
___fldiv@grs                             cstackCOMRAM 000028
___fldiv@new_exp                         cstackCOMRAM 000026
___fldiv@rem                             cstackCOMRAM 000021
___fldiv@sign                            cstackCOMRAM 000025
___fltol                                 text17       00288A
___fltol@exp1                            cstackCOMRAM 00004B
___fltol@f1                              cstackCOMRAM 000042
___fltol@sign1                           cstackCOMRAM 00004A
___inthi_sp                              stack        000000
___intlo_sp                              stack        000000
___param_bank                            (abs)        000000
___rparam_used                           (abs)        000001
___sp                                    stack        000000
___xxtofl                                text16       001FEA
___xxtofl@arg                            cstackCOMRAM 000011
___xxtofl@exp                            cstackCOMRAM 000010
___xxtofl@sign                           cstackCOMRAM 00000F
___xxtofl@val                            cstackCOMRAM 000007
__accesstop                              (abs)        000080
__activetblptr                           (abs)        000002
__end_of_AT_Command                      text22       001FEA
__end_of_Get_Sample                      text31       002D48
__end_of_Is_Checksum_Correct             text34       002C48
__end_of_Is_Data_Received                text33       002DBC
__end_of_LCD_Char                        text27       003270
__end_of_LCD_Clear                       text29       003214
__end_of_LCD_Command                     text30       00328C
__end_of_LCD_Init                        text28       00317E
__end_of_LCD_String                      text26       002E96
__end_of_LCD_String_xy                   text25       003012
__end_of_LO_ISR                          intcodelo    0000C2
__end_of_MSdelay                         text36       002E30
__end_of_Remote_AT_Command               text14       0013CA
__end_of_SetTo_Broadcast                 text20       002FB4
__end_of_USART_Init                      text15       002CCC
__end_of_USART_SendString                text23       0031BC
__end_of_USART_TxChar                    text24       003254
__end_of_Write_AT_Command                text21       003236
__end_of_Write_Remote_AT_Command         text13       0030FA
__end_of___aodiv                         text12       0026FE
__end_of___aomod                         text11       00288A
__end_of___fladd                         text19       000BEA
__end_of___fldiv                         text18       00100A
__end_of___fltol                         text17       0029DC
__end_of___xxtofl                        text16       0021C6
__end_of__initialization                 cinit        0031E0
__end_of_abs                             text10       00313E
__end_of_dtoa                            text4        001DF8
__end_of_fputc                           text8        002ABA
__end_of_fputs                           text7        0030B0
__end_of_main                            text0        00175C
__end_of_memset                          text35       00254E
__end_of_pad                             text5        002B8C
__end_of_putch                           text9        00328E
__end_of_sample                          text32       001AE0
__end_of_sprintf                         text1        002F56
__end_of_strlen                          text6        003064
__end_of_vfpfcnvrt                       text3        002390
__end_of_vfprintf                        text2        002EF8
__initialization                         cinit        0031BC
__mediumconst                            mediumconst  000000
__pbssBANK0                              bssBANK0     000080
__pbssBANK1                              bssBANK1     000100
__pbssCOMRAM                             bssCOMRAM    000064
__pcinit                                 cinit        0031BC
__pcstackBANK0                           cstackBANK0  0000C2
__pcstackCOMRAM                          cstackCOMRAM 000001
__pintcodelo                             intcodelo    000018
__psmallconst                            smallconst   000600
__ptext0                                 text0        0013CA
__ptext1                                 text1        002EF8
__ptext10                                text10       0030FA
__ptext11                                text11       0026FE
__ptext12                                text12       00254E
__ptext13                                text13       0030B0
__ptext14                                text14       00100A
__ptext15                                text15       002C48
__ptext16                                text16       001FEA
__ptext17                                text17       00288A
__ptext18                                text18       000BEA
__ptext19                                text19       000666
__ptext2                                 text2        002E96
__ptext20                                text20       002F56
__ptext21                                text21       003214
__ptext22                                text22       001DF8
__ptext23                                text23       00317E
__ptext24                                text24       003236
__ptext25                                text25       002FB4
__ptext26                                text26       002E30
__ptext27                                text27       003254
__ptext28                                text28       00313E
__ptext29                                text29       0031EE
__ptext3                                 text3        0021C6
__ptext30                                text30       003270
__ptext31                                text31       002CCC
__ptext32                                text32       00175C
__ptext33                                text33       002D48
__ptext34                                text34       002B8C
__ptext35                                text35       002390
__ptext36                                text36       002DBC
__ptext4                                 text4        001AE0
__ptext5                                 text5        002ABA
__ptext6                                 text6        003012
__ptext7                                 text7        003064
__ptext8                                 text8        0029DC
__ptext9                                 text9        00328C
__ramtop                                 ramtop       000600
__size_of_AT_Command                     (abs)        000000
__size_of_Get_Sample                     (abs)        000000
__size_of_Is_Checksum_Correct            (abs)        000000
__size_of_Is_Data_Received               (abs)        000000
__size_of_LCD_Char                       (abs)        000000
__size_of_LCD_Clear                      (abs)        000000
__size_of_LCD_Command                    (abs)        000000
__size_of_LCD_Init                       (abs)        000000
__size_of_LCD_String                     (abs)        000000
__size_of_LCD_String_xy                  (abs)        000000
__size_of_LO_ISR                         (abs)        000000
__size_of_MSdelay                        (abs)        000000
__size_of_Remote_AT_Command              (abs)        000000
__size_of_SetTo_Broadcast                (abs)        000000
__size_of_USART_Init                     (abs)        000000
__size_of_USART_SendString               (abs)        000000
__size_of_USART_TxChar                   (abs)        000000
__size_of_Write_AT_Command               (abs)        000000
__size_of_Write_Remote_AT_Command        (abs)        000000
__size_of___aodiv                        (abs)        000000
__size_of___aomod                        (abs)        000000
__size_of___fladd                        (abs)        000000
__size_of___fldiv                        (abs)        000000
__size_of___fltol                        (abs)        000000
__size_of___xxtofl                       (abs)        000000
__size_of_abs                            (abs)        000000
__size_of_dtoa                           (abs)        000000
__size_of_fputc                          (abs)        000000
__size_of_fputs                          (abs)        000000
__size_of_main                           (abs)        000000
__size_of_memset                         (abs)        000000
__size_of_pad                            (abs)        000000
__size_of_putch                          (abs)        000000
__size_of_sample                         (abs)        000000
__size_of_sprintf                        (abs)        000000
__size_of_strlen                         (abs)        000000
__size_of_vfpfcnvrt                      (abs)        000000
__size_of_vfprintf                       (abs)        000000
__smallconst                             smallconst   000600
_abs                                     text10       0030FA
_dbuf                                    bssBANK0     0000A2
_dtoa                                    text4        001AE0
_dtoa$708                                cstackCOMRAM 000034
_flags                                   bssCOMRAM    00006E
_fputc                                   text8        0029DC
_fputs                                   text7        003064
_main                                    text0        0013CA
_memset                                  text35       002390
_nout                                    bssCOMRAM    000068
_pad                                     text5        002ABA
_prec                                    bssCOMRAM    00006C
_putch                                   text9        00328C
_sample                                  text32       00175C
_sprintf                                 text1        002EF8
_strlen                                  text6        003012
_vfpfcnvrt                               text3        0021C6
_vfprintf                                text2        002E96
_width                                   bssCOMRAM    00006A
abs@a                                    cstackCOMRAM 000019
btemp                                    temp         000074
dtoa@d                                   cstackCOMRAM 000024
dtoa@fp                                  cstackCOMRAM 000022
dtoa@i                                   cstackCOMRAM 000044
dtoa@n                                   cstackCOMRAM 00003C
dtoa@p                                   cstackCOMRAM 000036
dtoa@s                                   cstackCOMRAM 00003A
dtoa@w                                   cstackCOMRAM 000038
end_of_initialization                    cinit        0031E0
fputc@c                                  cstackCOMRAM 000007
fputc@fp                                 cstackCOMRAM 000009
fputs@c                                  cstackCOMRAM 000014
fputs@fp                                 cstackCOMRAM 000012
fputs@i                                  cstackCOMRAM 000015
fputs@s                                  cstackCOMRAM 000010
int$flags                                temp         000074
intlevel0                                text         000000
intlevel1                                text         000000
intlevel2                                text         000000
intlevel3                                text         000000
main@Remote_Address_DH                   cstackBANK0  0000E5
main@Remote_Address_DL                   cstackBANK0  0000E9
main@_buffer                             cstackBANK0  0000CC
memset@c                                 cstackCOMRAM 000009
memset@dest                              cstackCOMRAM 000007
memset@k                                 cstackCOMRAM 000011
memset@n                                 cstackCOMRAM 00000B
memset@s                                 cstackCOMRAM 000013
pad@buf                                  cstackCOMRAM 000019
pad@fp                                   cstackCOMRAM 000017
pad@i                                    cstackCOMRAM 00001E
pad@p                                    cstackCOMRAM 00001B
pad@w                                    cstackCOMRAM 000020
sample@Digital_Value                     cstackCOMRAM 000017
sample@Frame_Type                        cstackCOMRAM 000016
sample@Is_Analog                         cstackCOMRAM 000019
sample@Is_Digital                        cstackCOMRAM 00001A
sample@Length                            cstackCOMRAM 000014
sample@i                                 cstackCOMRAM 00001E
sample@i_529                             cstackCOMRAM 00001D
sample@j                                 cstackCOMRAM 00001C
sprintf@ap                               cstackBANK0  0000C4
sprintf@f                                cstackBANK0  0000C6
sprintf@fmt                              cstackCOMRAM 000060
sprintf@ret                              cstackBANK0  0000C2
sprintf@s                                cstackCOMRAM 00005E
stackhi                                  (abs)        0005FF
stacklo                                  (abs)        000164
start                                    init         0000C2
start_initialization                     cinit        0031BC
strlen@a                                 cstackCOMRAM 00000B
strlen@s                                 cstackCOMRAM 000007
ttemp5                                   temp         000075
ttemp6                                   temp         000078
ttemp7                                   temp         00007C
vfpfcnvrt@ap                             cstackCOMRAM 00004A
vfpfcnvrt@fmt                            cstackCOMRAM 000048
vfpfcnvrt@fp                             cstackCOMRAM 000046
vfpfcnvrt@ll                             cstackCOMRAM 00004E
vfprintf@ap                              cstackCOMRAM 00005A
vfprintf@cfmt                            cstackCOMRAM 00005C
vfprintf@fmt                             cstackCOMRAM 000058
vfprintf@fp                              cstackCOMRAM 000056
wtemp8                                   temp         000075


FUNCTION INFORMATION:

 *************** function _main *****************
 Defined at:
		line 357 in file "PIC_Interface_with_XBee.c"
 Parameters:    Size  Location     Type
		None
 Auto vars:     Size  Location     Type
  _buffer        25   10[BANK0 ] unsigned char [25]
  Remote_Addre    4   39[BANK0 ] unsigned long 
  Remote_Addre    4   35[BANK0 ] unsigned long 
  Temperature     4    0        unsigned long 
 Return value:  Size  Location     Type
                  2  237[None  ] int 
 Registers used:
		wreg, fsr1l, fsr1h, fsr2l, fsr2h, status,2, status,0, tblptrl, tblptrh, tblptru, prodl, prodh, cstack
 Tracked objects:
		On entry : 
		On exit  : 
		Unchanged: 
 Data sizes:     COMRAM   BANK0   BANK1   BANK2   BANK3   BANK4   BANK5
      Params:         0       0       0       0       0       0       0
      Locals:         0      33       0       0       0       0       0
      Temps:          0       0       0       0       0       0       0
      Totals:         0      33       0       0       0       0       0
Total ram usage:       33 bytes
 Hardware stack levels required when called:    9
 This function calls:
		_Get_Sample
		_LCD_Clear
		_LCD_Init
		_LCD_String_xy
		_MSdelay
		_SetTo_Broadcast
		_USART_Init
		_Write_Remote_AT_Command
		_memset
		_sprintf
 This function is called by:
		Startup code after reset
 This function uses a non-reentrant model


 *************** function _sprintf *****************
 Defined at:
		line 9 in file "C:\Program Files (x86)\Microchip\xc8\v2.00\pic\sources\c99\common\nf_sprintf.c"
 Parameters:    Size  Location     Type
  s               2   93[COMRAM] PTR unsigned char 
		 -> main@_buffer(25), 
  fmt             2   95[COMRAM] PTR const unsigned char 
		 -> STR_9(15), 
 Auto vars:     Size  Location     Type
  f               6    4[BANK0 ] struct _IO_FILE
  ap              2    2[BANK0 ] PTR void [1]
		 -> ?_sprintf(2), 
  ret             2    0[BANK0 ] int 
 Return value:  Size  Location     Type
                  2   93[COMRAM] int 
 Registers used:
		wreg, fsr1l, fsr1h, fsr2l, fsr2h, status,2, status,0, tblptrl, tblptrh, tblptru, cstack
 Tracked objects:
		On entry : 
		On exit  : 
		Unchanged: 
 Data sizes:     COMRAM   BANK0   BANK1   BANK2   BANK3   BANK4   BANK5
      Params:         6       0       0       0       0       0       0
      Locals:         0      10       0       0       0       0       0
      Temps:          0       0       0       0       0       0       0
      Totals:         6      10       0       0       0       0       0
Total ram usage:       16 bytes
 Hardware stack levels used:    1
 Hardware stack levels required when called:    8
 This function calls:
		_vfprintf
 This function is called by:
		_main
 This function uses a non-reentrant model


 *************** function _vfprintf *****************
 Defined at:
		line 1368 in file "C:\Program Files (x86)\Microchip\xc8\v2.00\pic\sources\c99\common\doprnt.c"
 Parameters:    Size  Location     Type
  fp              2   85[COMRAM] PTR struct _IO_FILE
		 -> sprintf@f(6), 
  fmt             2   87[COMRAM] PTR const unsigned char 
		 -> STR_9(15), 
  ap              2   89[COMRAM] PTR PTR void 
		 -> sprintf@ap(2), 
 Auto vars:     Size  Location     Type
  cfmt            2   91[COMRAM] PTR unsigned char 
		 -> STR_9(15), 
 Return value:  Size  Location     Type
                  2   85[COMRAM] int 
 Registers used:
		wreg, fsr1l, fsr1h, fsr2l, fsr2h, status,2, status,0, tblptrl, tblptrh, tblptru, cstack
 Tracked objects:
		On entry : 
		On exit  : 
		Unchanged: 
 Data sizes:     COMRAM   BANK0   BANK1   BANK2   BANK3   BANK4   BANK5
      Params:         6       0       0       0       0       0       0
      Locals:         2       0       0       0       0       0       0
      Temps:          0       0       0       0       0       0       0
      Totals:         8       0       0       0       0       0       0
Total ram usage:        8 bytes
 Hardware stack levels used:    1
 Hardware stack levels required when called:    7
 This function calls:
		_vfpfcnvrt
 This function is called by:
		_sprintf
 This function uses a non-reentrant model


 *************** function _vfpfcnvrt *****************
 Defined at:
		line 670 in file "C:\Program Files (x86)\Microchip\xc8\v2.00\pic\sources\c99\common\doprnt.c"
 Parameters:    Size  Location     Type
  fp              2   69[COMRAM] PTR struct _IO_FILE
		 -> sprintf@f(6), 
  fmt             2   71[COMRAM] PTR PTR unsigned char 
		 -> vfprintf@cfmt(2), 
  ap              2   73[COMRAM] PTR PTR void 
		 -> sprintf@ap(2), 
 Auto vars:     Size  Location     Type
  ll              8   77[COMRAM] long long 
  llu             8    0        unsigned long long 
  f               4    0        unsigned long long 
  vp              3    0        PTR void 
  ct              3    0        unsigned char [3]
  cp              3    0        PTR unsigned char 
  i               2    0        int 
  done            2    0        int 
  c               1    0        unsigned char 
 Return value:  Size  Location     Type
                  2   69[COMRAM] int 
 Registers used:
		wreg, fsr1l, fsr1h, fsr2l, fsr2h, status,2, status,0, tblptrl, tblptrh, tblptru, cstack
 Tracked objects:
		On entry : 
		On exit  : 
		Unchanged: 
 Data sizes:     COMRAM   BANK0   BANK1   BANK2   BANK3   BANK4   BANK5
      Params:         6       0       0       0       0       0       0
      Locals:         8       0       0       0       0       0       0
      Temps:          2       0       0       0       0       0       0
      Totals:        16       0       0       0       0       0       0
Total ram usage:       16 bytes
 Hardware stack levels used:    1
 Hardware stack levels required when called:    6
 This function calls:
		_dtoa
		_fputc
 This function is called by:
		_vfprintf
 This function uses a non-reentrant model


 *************** function _dtoa *****************
 Defined at:
		line 274 in file "C:\Program Files (x86)\Microchip\xc8\v2.00\pic\sources\c99\common\doprnt.c"
 Parameters:    Size  Location     Type
  fp              2   33[COMRAM] PTR struct _IO_FILE
		 -> sprintf@f(6), 
  d               8   35[COMRAM] long long 
 Auto vars:     Size  Location     Type
  n               8   59[COMRAM] long long 
  i               2   67[COMRAM] int 
  s               2   57[COMRAM] int 
  w               2   55[COMRAM] int 
  p               2   53[COMRAM] int 
 Return value:  Size  Location     Type
                  2   33[COMRAM] int 
 Registers used:
		wreg, fsr1l, fsr1h, fsr2l, fsr2h, status,2, status,0, cstack
 Tracked objects:
		On entry : 
		On exit  : 
		Unchanged: 
 Data sizes:     COMRAM   BANK0   BANK1   BANK2   BANK3   BANK4   BANK5
      Params:        10       0       0       0       0       0       0
      Locals:        18       0       0       0       0       0       0
      Temps:          8       0       0       0       0       0       0
      Totals:        36       0       0       0       0       0       0
Total ram usage:       36 bytes
 Hardware stack levels used:    1
 Hardware stack levels required when called:    5
 This function calls:
		___aodiv
		___aomod
		_abs
		_pad
 This function is called by:
		_vfpfcnvrt
 This function uses a non-reentrant model


 *************** function _pad *****************
 Defined at:
		line 72 in file "C:\Program Files (x86)\Microchip\xc8\v2.00\pic\sources\c99\common\doprnt.c"
 Parameters:    Size  Location     Type
  fp              2   22[COMRAM] PTR struct _IO_FILE
		 -> sprintf@f(6), 
  buf             2   24[COMRAM] PTR unsigned char 
		 -> dbuf(32), 
  p               2   26[COMRAM] int 
 Auto vars:     Size  Location     Type
  w               2   31[COMRAM] int 
  i               2   29[COMRAM] int 
 Return value:  Size  Location     Type
                  2   22[COMRAM] int 
 Registers used:
		wreg, fsr1l, fsr1h, fsr2l, fsr2h, status,2, status,0, cstack
 Tracked objects:
		On entry : 
		On exit  : 
		Unchanged: 
 Data sizes:     COMRAM   BANK0   BANK1   BANK2   BANK3   BANK4   BANK5
      Params:         6       0       0       0       0       0       0
      Locals:         4       0       0       0       0       0       0
      Temps:          1       0       0       0       0       0       0
      Totals:        11       0       0       0       0       0       0
Total ram usage:       11 bytes
 Hardware stack levels used:    1
 Hardware stack levels required when called:    4
 This function calls:
		_fputc
		_fputs
		_strlen
 This function is called by:
		_dtoa
 This function uses a non-reentrant model


 *************** function _strlen *****************
 Defined at:
		line 12 in file "C:\Program Files (x86)\Microchip\xc8\v2.00\pic\sources\c99\common\strlen.c"
 Parameters:    Size  Location     Type
  s               2    6[COMRAM] PTR const unsigned char 
		 -> dbuf(32), 
 Auto vars:     Size  Location     Type
  a               2   10[COMRAM] PTR const unsigned char 
		 -> dbuf(32), 
 Return value:  Size  Location     Type
                  2    6[COMRAM] unsigned int 
 Registers used:
		wreg, fsr2l, fsr2h, status,2, status,0
 Tracked objects:
		On entry : 
		On exit  : 
		Unchanged: 
 Data sizes:     COMRAM   BANK0   BANK1   BANK2   BANK3   BANK4   BANK5
      Params:         2       0       0       0       0       0       0
      Locals:         2       0       0       0       0       0       0
      Temps:          2       0       0       0       0       0       0
      Totals:         6       0       0       0       0       0       0
Total ram usage:        6 bytes
 Hardware stack levels used:    1
 Hardware stack levels required when called:    1
 This function calls:
		Nothing
 This function is called by:
		_pad
 This function uses a non-reentrant model


 *************** function _fputs *****************
 Defined at:
		line 8 in file "C:\Program Files (x86)\Microchip\xc8\v2.00\pic\sources\c99\common\nf_fputs.c"
 Parameters:    Size  Location     Type
  s               2   15[COMRAM] PTR const unsigned char 
		 -> dbuf(32), 
  fp              2   17[COMRAM] PTR struct _IO_FILE
		 -> sprintf@f(6), 
 Auto vars:     Size  Location     Type
  i               2   20[COMRAM] int 
  c               1   19[COMRAM] unsigned char 
 Return value:  Size  Location     Type
                  2   15[COMRAM] int 
 Registers used:
		wreg, fsr1l, fsr1h, fsr2l, fsr2h, status,2, status,0, cstack
 Tracked objects:
		On entry : 
		On exit  : 
		Unchanged: 
 Data sizes:     COMRAM   BANK0   BANK1   BANK2   BANK3   BANK4   BANK5
      Params:         4       0       0       0       0       0       0
      Locals:         3       0       0       0       0       0       0
      Temps:          0       0       0       0       0       0       0
      Totals:         7       0       0       0       0       0       0
Total ram usage:        7 bytes
 Hardware stack levels used:    1
 Hardware stack levels required when called:    3
 This function calls:
		_fputc
 This function is called by:
		_pad
 This function uses a non-reentrant model


 *************** function _fputc *****************
 Defined at:
		line 8 in file "C:\Program Files (x86)\Microchip\xc8\v2.00\pic\sources\c99\common\nf_fputc.c"
 Parameters:    Size  Location     Type
  c               2    6[COMRAM] int 
  fp              2    8[COMRAM] PTR struct _IO_FILE
		 -> sprintf@f(6), 
 Auto vars:     Size  Location     Type
		None
 Return value:  Size  Location     Type
                  2    6[COMRAM] int 
 Registers used:
		wreg, fsr1l, fsr1h, fsr2l, fsr2h, status,2, status,0, cstack
 Tracked objects:
		On entry : 
		On exit  : 
		Unchanged: 
 Data sizes:     COMRAM   BANK0   BANK1   BANK2   BANK3   BANK4   BANK5
      Params:         4       0       0       0       0       0       0
      Locals:         0       0       0       0       0       0       0
      Temps:          5       0       0       0       0       0       0
      Totals:         9       0       0       0       0       0       0
Total ram usage:        9 bytes
 Hardware stack levels used:    1
 Hardware stack levels required when called:    2
 This function calls:
		_putch
 This function is called by:
		_pad
		_vfpfcnvrt
		_fputs
 This function uses a non-reentrant model


 *************** function _putch *****************
 Defined at:
		line 7 in file "C:\Program Files (x86)\Microchip\xc8\v2.00\pic\sources\c99\common\putch.c"
 Parameters:    Size  Location     Type
  c               1    wreg     unsigned char 
 Auto vars:     Size  Location     Type
  c               1    0[COMRAM] unsigned char 
 Return value:  Size  Location     Type
                  1    wreg      void 
 Registers used:
		wreg
 Tracked objects:
		On entry : 
		On exit  : 
		Unchanged: 
 Data sizes:     COMRAM   BANK0   BANK1   BANK2   BANK3   BANK4   BANK5
      Params:         0       0       0       0       0       0       0
      Locals:         0       0       0       0       0       0       0
      Temps:          0       0       0       0       0       0       0
      Totals:         0       0       0       0       0       0       0
Total ram usage:        0 bytes
 Hardware stack levels used:    1
 Hardware stack levels required when called:    1
 This function calls:
		Nothing
 This function is called by:
		_fputc
 This function uses a non-reentrant model


 *************** function _abs *****************
 Defined at:
		line 1 in file "C:\Program Files (x86)\Microchip\xc8\v2.00\pic\sources\c99\common\abs.c"
 Parameters:    Size  Location     Type
  a               2   24[COMRAM] int 
 Auto vars:     Size  Location     Type
		None
 Return value:  Size  Location     Type
                  2   24[COMRAM] int 
 Registers used:
		wreg, status,2, status,0
 Tracked objects:
		On entry : 
		On exit  : 
		Unchanged: 
 Data sizes:     COMRAM   BANK0   BANK1   BANK2   BANK3   BANK4   BANK5
      Params:         2       0       0       0       0       0       0
      Locals:         0       0       0       0       0       0       0
      Temps:          2       0       0       0       0       0       0
      Totals:         4       0       0       0       0       0       0
Total ram usage:        4 bytes
 Hardware stack levels used:    1
 Hardware stack levels required when called:    1
 This function calls:
		Nothing
 This function is called by:
		_dtoa
 This function uses a non-reentrant model


 *************** function ___aomod *****************
 Defined at:
		line 9 in file "C:\Program Files (x86)\Microchip\xc8\v2.00\pic\sources\c99\common\aomod.c"
 Parameters:    Size  Location     Type
  dividend        8    6[COMRAM] long long 
  divisor         8   14[COMRAM] long long 
 Auto vars:     Size  Location     Type
  sign            1   23[COMRAM] unsigned char 
  counter         1   22[COMRAM] unsigned char 
 Return value:  Size  Location     Type
                  8    6[COMRAM] long long 
 Registers used:
		wreg, status,2, status,0
 Tracked objects:
		On entry : 
		On exit  : 
		Unchanged: 
 Data sizes:     COMRAM   BANK0   BANK1   BANK2   BANK3   BANK4   BANK5
      Params:        16       0       0       0       0       0       0
      Locals:         2       0       0       0       0       0       0
      Temps:          0       0       0       0       0       0       0
      Totals:        18       0       0       0       0       0       0
Total ram usage:       18 bytes
 Hardware stack levels used:    1
 Hardware stack levels required when called:    1
 This function calls:
		Nothing
 This function is called by:
		_dtoa
 This function uses a non-reentrant model


 *************** function ___aodiv *****************
 Defined at:
		line 9 in file "C:\Program Files (x86)\Microchip\xc8\v2.00\pic\sources\c99\common\aodiv.c"
 Parameters:    Size  Location     Type
  dividend        8    6[COMRAM] long long 
  divisor         8   14[COMRAM] long long 
 Auto vars:     Size  Location     Type
  quotient        8   24[COMRAM] long long 
  sign            1   23[COMRAM] unsigned char 
  counter         1   22[COMRAM] unsigned char 
 Return value:  Size  Location     Type
                  8    6[COMRAM] long long 
 Registers used:
		wreg, fsr2l, fsr2h, status,2, status,0
 Tracked objects:
		On entry : 
		On exit  : 
		Unchanged: 
 Data sizes:     COMRAM   BANK0   BANK1   BANK2   BANK3   BANK4   BANK5
      Params:        16       0       0       0       0       0       0
      Locals:        10       0       0       0       0       0       0
      Temps:          0       0       0       0       0       0       0
      Totals:        26       0       0       0       0       0       0
Total ram usage:       26 bytes
 Hardware stack levels used:    1
 Hardware stack levels required when called:    1
 This function calls:
		Nothing
 This function is called by:
		_dtoa
 This function uses a non-reentrant model


 *************** function _Write_Remote_AT_Command *****************
 Defined at:
		line 317 in file "PIC_Interface_with_XBee.c"
 Parameters:    Size  Location     Type
  Long_Address    4   36[COMRAM] unsigned long 
  Long_Address    4   40[COMRAM] unsigned long 
  Short_Addres    2   44[COMRAM] unsigned short 
  ATCommand       2   46[COMRAM] PTR unsigned char 
		 -> STR_8(3), 
  _CommandValu    4   48[COMRAM] unsigned long 
 Auto vars:     Size  Location     Type
		None
 Return value:  Size  Location     Type
                  1    wreg      void 
 Registers used:
		wreg, status,2, status,0, tblptrl, tblptrh, tblptru, cstack
 Tracked objects:
		On entry : 
		On exit  : 
		Unchanged: 
 Data sizes:     COMRAM   BANK0   BANK1   BANK2   BANK3   BANK4   BANK5
      Params:        16       0       0       0       0       0       0
      Locals:         0       0       0       0       0       0       0
      Temps:          0       0       0       0       0       0       0
      Totals:        16       0       0       0       0       0       0
Total ram usage:       16 bytes
 Hardware stack levels used:    1
 Hardware stack levels required when called:    4
 This function calls:
		_Remote_AT_Command
 This function is called by:
		_main
 This function uses a non-reentrant model


 *************** function _Remote_AT_Command *****************
 Defined at:
		line 194 in file "PIC_Interface_with_XBee.c"
 Parameters:    Size  Location     Type
  Long_Address    4    9[COMRAM] unsigned long 
  Long_Address    4   13[COMRAM] unsigned long 
  Short_Addres    2   17[COMRAM] unsigned short 
  ATCommand       2   19[COMRAM] PTR const unsigned char 
		 -> STR_8(3), 
  action          1   21[COMRAM] _Bool 
 Auto vars:     Size  Location     Type
  i               1   31[COMRAM] char 
  i               1   30[COMRAM] char 
  i               1   29[COMRAM] char 
  i               1   28[COMRAM] char 
  Checksum        2   34[COMRAM] unsigned short 
  Length          2   32[COMRAM] unsigned short 
  i               2   26[COMRAM] int 
 Return value:  Size  Location     Type
                  1    wreg      void 
 Registers used:
		wreg, status,2, status,0, tblptrl, tblptrh, tblptru, cstack
 Tracked objects:
		On entry : 
		On exit  : 
		Unchanged: 
 Data sizes:     COMRAM   BANK0   BANK1   BANK2   BANK3   BANK4   BANK5
      Params:        13       0       0       0       0       0       0
      Locals:        10       0       0       0       0       0       0
      Temps:          4       0       0       0       0       0       0
      Totals:        27       0       0       0       0       0       0
Total ram usage:       27 bytes
 Hardware stack levels used:    1
 Hardware stack levels required when called:    3
 This function calls:
		_USART_SendString
		_USART_TxChar
 This function is called by:
		_Write_Remote_AT_Command
 This function uses a non-reentrant model


 *************** function _USART_Init *****************
 Defined at:
		line 8 in file "USART_Source_File.c"
 Parameters:    Size  Location     Type
  baud_rate       4   75[COMRAM] long 
 Auto vars:     Size  Location     Type
		None
 Return value:  Size  Location     Type
                  1    wreg      void 
 Registers used:
		wreg, status,2, status,0, cstack
 Tracked objects:
		On entry : 
		On exit  : 
		Unchanged: 
 Data sizes:     COMRAM   BANK0   BANK1   BANK2   BANK3   BANK4   BANK5
      Params:         4       0       0       0       0       0       0
      Locals:         0       0       0       0       0       0       0
      Temps:          0       0       0       0       0       0       0
      Totals:         4       0       0       0       0       0       0
Total ram usage:        4 bytes
 Hardware stack levels used:    1
 Hardware stack levels required when called:    2
 This function calls:
		___fladd
		___fldiv
		___fltol
		___xxtofl
 This function is called by:
		_main
 This function uses a non-reentrant model


 *************** function ___xxtofl *****************
 Defined at:
		line 10 in file "C:\Program Files (x86)\Microchip\xc8\v2.00\pic\sources\c99\common\xxtofl.c"
 Parameters:    Size  Location     Type
  sign            1    wreg     unsigned char 
  val             4    6[COMRAM] long 
 Auto vars:     Size  Location     Type
  sign            1   14[COMRAM] unsigned char 
  arg             4   16[COMRAM] unsigned long 
  exp             1   15[COMRAM] unsigned char 
 Return value:  Size  Location     Type
                  4    6[COMRAM] unsigned char 
 Registers used:
		wreg, status,2, status,0
 Tracked objects:
		On entry : 
		On exit  : 
		Unchanged: 
 Data sizes:     COMRAM   BANK0   BANK1   BANK2   BANK3   BANK4   BANK5
      Params:         4       0       0       0       0       0       0
      Locals:         6       0       0       0       0       0       0
      Temps:          4       0       0       0       0       0       0
      Totals:        14       0       0       0       0       0       0
Total ram usage:       14 bytes
 Hardware stack levels used:    1
 Hardware stack levels required when called:    1
 This function calls:
		Nothing
 This function is called by:
		_USART_Init
 This function uses a non-reentrant model


 *************** function ___fltol *****************
 Defined at:
		line 43 in file "C:\Program Files (x86)\Microchip\xc8\v2.00\pic\sources\c99\common\fltol.c"
 Parameters:    Size  Location     Type
  f1              4   65[COMRAM] unsigned char 
 Auto vars:     Size  Location     Type
  exp1            1   74[COMRAM] unsigned char 
  sign1           1   73[COMRAM] unsigned char 
 Return value:  Size  Location     Type
                  4   65[COMRAM] long 
 Registers used:
		wreg, status,2, status,0
 Tracked objects:
		On entry : 
		On exit  : 
		Unchanged: 
 Data sizes:     COMRAM   BANK0   BANK1   BANK2   BANK3   BANK4   BANK5
      Params:         4       0       0       0       0       0       0
      Locals:         2       0       0       0       0       0       0
      Temps:          4       0       0       0       0       0       0
      Totals:        10       0       0       0       0       0       0
Total ram usage:       10 bytes
 Hardware stack levels used:    1
 Hardware stack levels required when called:    1
 This function calls:
		Nothing
 This function is called by:
		_USART_Init
 This function uses a non-reentrant model


 *************** function ___fldiv *****************
 Defined at:
		line 11 in file "C:\Program Files (x86)\Microchip\xc8\v2.00\pic\sources\c99\common\sprcdiv.c"
 Parameters:    Size  Location     Type
  b               4   20[COMRAM] long 
  a               4   24[COMRAM] long 
 Auto vars:     Size  Location     Type
  grs             4   39[COMRAM] unsigned long 
  rem             4   32[COMRAM] unsigned long 
  new_exp         2   37[COMRAM] short 
  aexp            1   44[COMRAM] unsigned char 
  bexp            1   43[COMRAM] unsigned char 
  sign            1   36[COMRAM] unsigned char 
 Return value:  Size  Location     Type
                  4   20[COMRAM] unsigned char 
 Registers used:
		wreg, status,2, status,0
 Tracked objects:
		On entry : 
		On exit  : 
		Unchanged: 
 Data sizes:     COMRAM   BANK0   BANK1   BANK2   BANK3   BANK4   BANK5
      Params:         8       0       0       0       0       0       0
      Locals:        13       0       0       0       0       0       0
      Temps:          4       0       0       0       0       0       0
      Totals:        25       0       0       0       0       0       0
Total ram usage:       25 bytes
 Hardware stack levels used:    1
 Hardware stack levels required when called:    1
 This function calls:
		Nothing
 This function is called by:
		_USART_Init
 This function uses a non-reentrant model


 *************** function ___fladd *****************
 Defined at:
		line 10 in file "C:\Program Files (x86)\Microchip\xc8\v2.00\pic\sources\c99\common\sprcadd.c"
 Parameters:    Size  Location     Type
  b               4   45[COMRAM] unsigned char 
  a               4   49[COMRAM] unsigned char 
 Auto vars:     Size  Location     Type
  grs             1   64[COMRAM] unsigned char 
  bexp            1   63[COMRAM] unsigned char 
  aexp            1   62[COMRAM] unsigned char 
  signs           1   61[COMRAM] unsigned char 
 Return value:  Size  Location     Type
                  4   45[COMRAM] unsigned char 
 Registers used:
		wreg, status,2, status,0
 Tracked objects:
		On entry : 
		On exit  : 
		Unchanged: 
 Data sizes:     COMRAM   BANK0   BANK1   BANK2   BANK3   BANK4   BANK5
      Params:         8       0       0       0       0       0       0
      Locals:         4       0       0       0       0       0       0
      Temps:          8       0       0       0       0       0       0
      Totals:        20       0       0       0       0       0       0
Total ram usage:       20 bytes
 Hardware stack levels used:    1
 Hardware stack levels required when called:    1
 This function calls:
		Nothing
 This function is called by:
		_USART_Init
 This function uses a non-reentrant model


 *************** function _SetTo_Broadcast *****************
 Defined at:
		line 348 in file "PIC_Interface_with_XBee.c"
 Parameters:    Size  Location     Type
		None
 Auto vars:     Size  Location     Type
		None
 Return value:  Size  Location     Type
                  1    wreg      void 
 Registers used:
		wreg, status,2, status,0, tblptrl, tblptrh, tblptru, cstack
 Tracked objects:
		On entry : 
		On exit  : 
		Unchanged: 
 Data sizes:     COMRAM   BANK0   BANK1   BANK2   BANK3   BANK4   BANK5
      Params:         0       0       0       0       0       0       0
      Locals:         0       0       0       0       0       0       0
      Temps:          0       0       0       0       0       0       0
      Totals:         0       0       0       0       0       0       0
Total ram usage:        0 bytes
 Hardware stack levels used:    1
 Hardware stack levels required when called:    5
 This function calls:
		_MSdelay
		_Write_AT_Command
 This function is called by:
		_main
 This function uses a non-reentrant model


 *************** function _Write_AT_Command *****************
 Defined at:
		line 306 in file "PIC_Interface_with_XBee.c"
 Parameters:    Size  Location     Type
  ATCommand       2   20[COMRAM] PTR unsigned char 
		 -> STR_2(3), STR_1(3), 
  _CommandValu    4   22[COMRAM] unsigned long 
 Auto vars:     Size  Location     Type
		None
 Return value:  Size  Location     Type
                  1    wreg      void 
 Registers used:
		wreg, status,2, status,0, tblptrl, tblptrh, tblptru, cstack
 Tracked objects:
		On entry : 
		On exit  : 
		Unchanged: 
 Data sizes:     COMRAM   BANK0   BANK1   BANK2   BANK3   BANK4   BANK5
      Params:         6       0       0       0       0       0       0
      Locals:         0       0       0       0       0       0       0
      Temps:          0       0       0       0       0       0       0
      Totals:         6       0       0       0       0       0       0
Total ram usage:        6 bytes
 Hardware stack levels used:    1
 Hardware stack levels required when called:    4
 This function calls:
		_AT_Command
 This function is called by:
		_SetTo_Broadcast
 This function uses a non-reentrant model


 *************** function _AT_Command *****************
 Defined at:
		line 253 in file "PIC_Interface_with_XBee.c"
 Parameters:    Size  Location     Type
  ATCommand       2    9[COMRAM] PTR const unsigned char 
		 -> STR_2(3), STR_1(3), 
  action          1   11[COMRAM] _Bool 
 Auto vars:     Size  Location     Type
  Length          2   18[COMRAM] unsigned short 
  Checksum        2   16[COMRAM] unsigned short 
 Return value:  Size  Location     Type
                  1    wreg      void 
 Registers used:
[...]
  row             1    wreg     unsigned char 
  pos             1   15[COMRAM] unsigned char 
  msg             2   16[COMRAM] PTR const unsigned char 
		 -> main@_buffer(25), STR_7(17), STR_6(17), STR_5(17), 
		 -> STR_4(9), STR_3(15), 
 Auto vars:     Size  Location     Type
  row             1   18[COMRAM] unsigned char 
  location        1   19[COMRAM] unsigned char 
 Return value:  Size  Location     Type
                  1    wreg      void 
 Registers used:
		wreg, fsr1l, fsr1h, status,2, status,0, tblptrl, tblptrh, tblptru, cstack
 Tracked objects:
		On entry : 
		On exit  : 
		Unchanged: 
 Data sizes:     COMRAM   BANK0   BANK1   BANK2   BANK3   BANK4   BANK5
      Params:         3       0       0       0       0       0       0
      Locals:         2       0       0       0       0       0       0
      Temps:          0       0       0       0       0       0       0
      Totals:         5       0       0       0       0       0       0
Total ram usage:        5 bytes
 Hardware stack levels used:    1
 Hardware stack levels required when called:    4
 This function calls:
		_LCD_Command
		_LCD_String
 This function is called by:
		_main
 This function uses a non-reentrant model


 *************** function _LCD_String *****************
 Defined at:
		line 50 in file "LCD_16x2_Source_file.c"
 Parameters:    Size  Location     Type
  str             2   13[COMRAM] PTR const unsigned char 
		 -> main@_buffer(25), STR_7(17), STR_6(17), STR_5(17), 
		 -> STR_4(9), STR_3(15), 
 Auto vars:     Size  Location     Type
		None
 Return value:  Size  Location     Type
                  1    wreg      void 
 Registers used:
		wreg, fsr1l, fsr1h, status,2, status,0, tblptrl, tblptrh, tblptru, cstack
 Tracked objects:
		On entry : 
		On exit  : 
		Unchanged: 
 Data sizes:     COMRAM   BANK0   BANK1   BANK2   BANK3   BANK4   BANK5
      Params:         2       0       0       0       0       0       0
      Locals:         0       0       0       0       0       0       0
      Temps:          0       0       0       0       0       0       0
      Totals:         2       0       0       0       0       0       0
Total ram usage:        2 bytes
 Hardware stack levels used:    1
 Hardware stack levels required when called:    3
 This function calls:
		_LCD_Char
 This function is called by:
		_LCD_String_xy
 This function uses a non-reentrant model


 *************** function _LCD_Char *****************
 Defined at:
		line 40 in file "LCD_16x2_Source_file.c"
 Parameters:    Size  Location     Type
  Data            1    wreg     unsigned char 
 Auto vars:     Size  Location     Type
  Data            1   12[COMRAM] unsigned char 
 Return value:  Size  Location     Type
                  1    wreg      void 
 Registers used:
		wreg, status,2, status,0, cstack
 Tracked objects:
		On entry : 
		On exit  : 
		Unchanged: 
 Data sizes:     COMRAM   BANK0   BANK1   BANK2   BANK3   BANK4   BANK5
      Params:         0       0       0       0       0       0       0
      Locals:         1       0       0       0       0       0       0
      Temps:          0       0       0       0       0       0       0
      Totals:         1       0       0       0       0       0       0
Total ram usage:        1 bytes
 Hardware stack levels used:    1
 Hardware stack levels required when called:    2
 This function calls:
		_MSdelay
 This function is called by:
		_LCD_String
 This function uses a non-reentrant model


 *************** function _LCD_Init *****************
 Defined at:
		line 9 in file "LCD_16x2_Source_file.c"
 Parameters:    Size  Location     Type
		None
 Auto vars:     Size  Location     Type
		None
 Return value:  Size  Location     Type
                  1    wreg      void 
 Registers used:
		wreg, status,2, status,0, cstack
 Tracked objects:
		On entry : 
		On exit  : 
		Unchanged: 
 Data sizes:     COMRAM   BANK0   BANK1   BANK2   BANK3   BANK4   BANK5
      Params:         0       0       0       0       0       0       0
      Locals:         0       0       0       0       0       0       0
      Temps:          0       0       0       0       0       0       0
      Totals:         0       0       0       0       0       0       0
Total ram usage:        0 bytes
 Hardware stack levels used:    1
 Hardware stack levels required when called:    3
 This function calls:
		_LCD_Command
		_MSdelay
 This function is called by:
		_main
 This function uses a non-reentrant model


 *************** function _LCD_Clear *****************
 Defined at:
		line 22 in file "LCD_16x2_Source_file.c"
 Parameters:    Size  Location     Type
		None
 Auto vars:     Size  Location     Type
		None
 Return value:  Size  Location     Type
                  1    wreg      void 
 Registers used:
		wreg, status,2, status,0, cstack
 Tracked objects:
		On entry : 
		On exit  : 
		Unchanged: 
 Data sizes:     COMRAM   BANK0   BANK1   BANK2   BANK3   BANK4   BANK5
      Params:         0       0       0       0       0       0       0
      Locals:         0       0       0       0       0       0       0
      Temps:          0       0       0       0       0       0       0
      Totals:         0       0       0       0       0       0       0
Total ram usage:        0 bytes
 Hardware stack levels used:    1
 Hardware stack levels required when called:    3
 This function calls:
		_LCD_Command
		_MSdelay
 This function is called by:
		_main
 This function uses a non-reentrant model


 *************** function _LCD_Command *****************
 Defined at:
		line 30 in file "LCD_16x2_Source_file.c"
 Parameters:    Size  Location     Type
  Command         1    wreg     unsigned char 
 Auto vars:     Size  Location     Type
  Command         1   12[COMRAM] unsigned char 
 Return value:  Size  Location     Type
                  1    wreg      void 
 Registers used:
		wreg, status,2, status,0, cstack
 Tracked objects:
		On entry : 
		On exit  : 
		Unchanged: 
 Data sizes:     COMRAM   BANK0   BANK1   BANK2   BANK3   BANK4   BANK5
      Params:         0       0       0       0       0       0       0
      Locals:         1       0       0       0       0       0       0
      Temps:          0       0       0       0       0       0       0
      Totals:         1       0       0       0       0       0       0
Total ram usage:        1 bytes
 Hardware stack levels used:    1
 Hardware stack levels required when called:    2
 This function calls:
		_MSdelay
 This function is called by:
		_LCD_Init
		_LCD_Clear
		_LCD_String_xy
 This function uses a non-reentrant model


 *************** function _Get_Sample *****************
 Defined at:
		line 177 in file "PIC_Interface_with_XBee.c"
 Parameters:    Size  Location     Type
		None
 Auto vars:     Size  Location     Type
  count           2   30[COMRAM] unsigned short 
 Return value:  Size  Location     Type
                  1    wreg      _Bool 
 Registers used:
		wreg, fsr2l, fsr2h, status,2, status,0, prodl, prodh, cstack
 Tracked objects:
		On entry : 
		On exit  : 
		Unchanged: 
 Data sizes:     COMRAM   BANK0   BANK1   BANK2   BANK3   BANK4   BANK5
      Params:         0       0       0       0       0       0       0
      Locals:         2       0       0       0       0       0       0
      Temps:          0       0       0       0       0       0       0
      Totals:         2       0       0       0       0       0       0
Total ram usage:        2 bytes
 Hardware stack levels used:    1
 Hardware stack levels required when called:    3
 This function calls:
		_Is_Data_Received
		_MSdelay
		_memset
		_sample
 This function is called by:
		_main
 This function uses a non-reentrant model


 *************** function _sample *****************
 Defined at:
		line 116 in file "PIC_Interface_with_XBee.c"
 Parameters:    Size  Location     Type
		None
 Auto vars:     Size  Location     Type
  i               1   28[COMRAM] unsigned char 
  j               1   27[COMRAM] unsigned char 
  i               1   29[COMRAM] unsigned char 
  Is_Digital      2   25[COMRAM] unsigned short 
  Digital_Valu    2   22[COMRAM] unsigned short 
  Length          2   19[COMRAM] unsigned short 
  Is_Analog       1   24[COMRAM] unsigned char 
  Frame_Type      1   21[COMRAM] unsigned char 
 Return value:  Size  Location     Type
                  1    wreg      void 
 Registers used:
		wreg, fsr2l, fsr2h, status,2, status,0, prodl, prodh, cstack
 Tracked objects:
		On entry : 
		On exit  : 
		Unchanged: 
 Data sizes:     COMRAM   BANK0   BANK1   BANK2   BANK3   BANK4   BANK5
      Params:         0       0       0       0       0       0       0
      Locals:        11       0       0       0       0       0       0
      Temps:          8       0       0       0       0       0       0
      Totals:        19       0       0       0       0       0       0
Total ram usage:       19 bytes
 Hardware stack levels used:    1
 Hardware stack levels required when called:    2
 This function calls:
		_Is_Checksum_Correct
		_Is_Data_Received
 This function is called by:
		_Get_Sample
 This function uses a non-reentrant model


 *************** function _Is_Data_Received *****************
 Defined at:
		line 93 in file "PIC_Interface_with_XBee.c"
 Parameters:    Size  Location     Type
		None
 Auto vars:     Size  Location     Type
  i               1    6[COMRAM] unsigned char 
 Return value:  Size  Location     Type
                  1    wreg      _Bool 
 Registers used:
		wreg, fsr2l, fsr2h, status,2, status,0, prodl, prodh
 Tracked objects:
		On entry : 
		On exit  : 
		Unchanged: 
 Data sizes:     COMRAM   BANK0   BANK1   BANK2   BANK3   BANK4   BANK5
      Params:         0       0       0       0       0       0       0
      Locals:         1       0       0       0       0       0       0
      Temps:          0       0       0       0       0       0       0
      Totals:         1       0       0       0       0       0       0
Total ram usage:        1 bytes
 Hardware stack levels used:    1
 Hardware stack levels required when called:    1
 This function calls:
		Nothing
 This function is called by:
		_sample
		_Get_Sample
 This function uses a non-reentrant model


 *************** function _Is_Checksum_Correct *****************
 Defined at:
		line 103 in file "PIC_Interface_with_XBee.c"
 Parameters:    Size  Location     Type
		None
 Auto vars:     Size  Location     Type
  i               1    8[COMRAM] unsigned char 
  checksum        2    9[COMRAM] unsigned short 
 Return value:  Size  Location     Type
                  1    wreg      _Bool 
 Registers used:
		wreg, fsr2l, fsr2h, status,2, status,0, prodl, prodh
 Tracked objects:
		On entry : 
		On exit  : 
		Unchanged: 
 Data sizes:     COMRAM   BANK0   BANK1   BANK2   BANK3   BANK4   BANK5
      Params:         0       0       0       0       0       0       0
      Locals:         3       0       0       0       0       0       0
      Temps:          2       0       0       0       0       0       0
      Totals:         5       0       0       0       0       0       0
Total ram usage:        5 bytes
 Hardware stack levels used:    1
 Hardware stack levels required when called:    1
 This function calls:
		Nothing
 This function is called by:
		_sample
 This function uses a non-reentrant model


 *************** function _memset *****************
 Defined at:
		line 4 in file "C:\Program Files (x86)\Microchip\xc8\v2.00\pic\sources\c99\common\memset.c"
 Parameters:    Size  Location     Type
  dest            2    6[COMRAM] PTR void 
		 -> main@_buffer(25), ReceiveBuffer(100), 
  c               2    8[COMRAM] int 
  n               2   10[COMRAM] unsigned int 
 Auto vars:     Size  Location     Type
  s               2   18[COMRAM] PTR unsigned char 
		 -> main@_buffer(25), ReceiveBuffer(100), 
  k               2   16[COMRAM] unsigned int 
 Return value:  Size  Location     Type
                  2    6[COMRAM] PTR void 
 Registers used:
		wreg, fsr2l, fsr2h, status,2, status,0
 Tracked objects:
		On entry : 
		On exit  : 
		Unchanged: 
 Data sizes:     COMRAM   BANK0   BANK1   BANK2   BANK3   BANK4   BANK5
      Params:         6       0       0       0       0       0       0
      Locals:         4       0       0       0       0       0       0
      Temps:          4       0       0       0       0       0       0
      Totals:        14       0       0       0       0       0       0
Total ram usage:       14 bytes
 Hardware stack levels used:    1
 Hardware stack levels required when called:    1
 This function calls:
		Nothing
 This function is called by:
		_Get_Sample
		_main
 This function uses a non-reentrant model


 *************** function _MSdelay *****************
 Defined at:
		line 76 in file "LCD_16x2_Source_file.c"
 Parameters:    Size  Location     Type
  val             2    6[COMRAM] unsigned int 
 Auto vars:     Size  Location     Type
  j               2   10[COMRAM] unsigned int 
  i               2    8[COMRAM] unsigned int 
 Return value:  Size  Location     Type
                  1    wreg      void 
 Registers used:
		wreg, status,2, status,0
 Tracked objects:
		On entry : 
		On exit  : 
		Unchanged: 
 Data sizes:     COMRAM   BANK0   BANK1   BANK2   BANK3   BANK4   BANK5
      Params:         2       0       0       0       0       0       0
      Locals:         4       0       0       0       0       0       0
      Temps:          0       0       0       0       0       0       0
      Totals:         6       0       0       0       0       0       0
Total ram usage:        6 bytes
 Hardware stack levels used:    1
 Hardware stack levels required when called:    1
 This function calls:
		Nothing
 This function is called by:
		_LCD_Init
		_LCD_Clear
		_LCD_Command
		_LCD_Char
		_Get_Sample
		_SetTo_Broadcast
		_main
 This function uses a non-reentrant model


 *************** function _LO_ISR *****************
 Defined at:
		line 323 in file "PIC_Interface_with_XBee.c"
 Parameters:    Size  Location     Type
		None
 Auto vars:     Size  Location     Type
  received_cha    1    5[COMRAM] unsigned char 
 Return value:  Size  Location     Type
                  1    wreg      void 
 Registers used:
		wreg, fsr2l, fsr2h, status,2, status,0
 Tracked objects:
		On entry : 
		On exit  : 
		Unchanged: 
 Data sizes:     COMRAM   BANK0   BANK1   BANK2   BANK3   BANK4   BANK5
      Params:         0       0       0       0       0       0       0
      Locals:         1       0       0       0       0       0       0
      Temps:          5       0       0       0       0       0       0
      Totals:         6       0       0       0       0       0       0
Total ram usage:        6 bytes
 Hardware stack levels used:    1
 This function calls:
		Nothing
 This function is called by:
		Interrupt level 1
 This function uses a non-reentrant model



MODULE INFORMATION

Module		Function		Class		Link	Load	Size
C:\Program Files (x86)\Microchip\xc8\v2.00\pic\sources\c99\common\aomod.c
		___aomod       		CODE           	26FE	0000	397

C:\Program Files (x86)\Microchip\xc8\v2.00\pic\sources\c99\common\aomod.c estimated size: 397

C:\Program Files (x86)\Microchip\xc8\v2.00\pic\sources\c99\common\sprcdiv.c
		___fldiv       		CODE           	0BEA	0000	1057

C:\Program Files (x86)\Microchip\xc8\v2.00\pic\sources\c99\common\sprcdiv.c estimated size: 1057

USART_Source_File.c
		_USART_TxChar  		CODE           	3236	0000	31
		_USART_SendString		CODE           	317E	0000	63
		_USART_Init    		CODE           	2C48	0000	133

USART_Source_File.c estimated size: 227

C:\Program Files (x86)\Microchip\xc8\v2.00\pic\sources\c99\common\xxtofl.c
		___xxtofl      		CODE           	1FEA	0000	477

C:\Program Files (x86)\Microchip\xc8\v2.00\pic\sources\c99\common\xxtofl.c estimated size: 477

C:\Program Files (x86)\Microchip\xc8\v2.00\pic\sources\c99\common\putch.c
		_putch         		CODE           	328C	0000	3

C:\Program Files (x86)\Microchip\xc8\v2.00\pic\sources\c99\common\putch.c estimated size: 3

C:\Program Files (x86)\Microchip\xc8\v2.00\pic\sources\c99\common\strlen.c
		_strlen        		CODE           	3012	0000	83

C:\Program Files (x86)\Microchip\xc8\v2.00\pic\sources\c99\common\strlen.c estimated size: 83

C:\Program Files (x86)\Microchip\xc8\v2.00\pic\sources\c99\common\nf_fputc.c
		_fputc         		CODE           	29DC	0000	223

C:\Program Files (x86)\Microchip\xc8\v2.00\pic\sources\c99\common\nf_fputc.c estimated size: 223

C:\Program Files (x86)\Microchip\xc8\v2.00\pic\sources\c99\common\memset.c
		_memset        		CODE           	2390	0000	447

C:\Program Files (x86)\Microchip\xc8\v2.00\pic\sources\c99\common\memset.c estimated size: 447

C:\Program Files (x86)\Microchip\xc8\v2.00\pic\sources\c99\common\abs.c
		_abs           		CODE           	30FA	0000	69

C:\Program Files (x86)\Microchip\xc8\v2.00\pic\sources\c99\common\abs.c estimated size: 69

C:\Program Files (x86)\Microchip\xc8\v2.00\pic\sources\c99\common\nf_sprintf.c
		_sprintf       		CODE           	2EF8	0000	95

C:\Program Files (x86)\Microchip\xc8\v2.00\pic\sources\c99\common\nf_sprintf.c estimated size: 95

C:\Program Files (x86)\Microchip\xc8\v2.00\pic\sources\c99\common\aodiv.c
		___aodiv       		CODE           	254E	0000	433

C:\Program Files (x86)\Microchip\xc8\v2.00\pic\sources\c99\common\aodiv.c estimated size: 433

C:\Program Files (x86)\Microchip\xc8\v2.00\pic\sources\c99\common\sprcadd.c
		___fladd       		CODE           	0666	0000	1413

C:\Program Files (x86)\Microchip\xc8\v2.00\pic\sources\c99\common\sprcadd.c estimated size: 1413

PIC_Interface_with_XBee.c
		_AT_Command    		CODE           	1DF8	0000	499
		_sample        		CODE           	175C	0000	901
		_SetTo_Broadcast		CODE           	2F56	0000	95
		_Is_Checksum_Correct		CODE           	2B8C	0000	189
		_main          		CODE           	13CA	0000	915
		_LO_ISR        		CODE           	0018	0000	171
		_Remote_AT_Command		CODE           	100A	0000	961
		_Is_Data_Received		CODE           	2D48	0000	117
		_Get_Sample    		CODE           	2CCC	0000	125
		_Write_AT_Command		CODE           	3214	0000	35
		_Write_Remote_AT_Command		CODE           	30B0	0000	75

PIC_Interface_with_XBee.c estimated size: 4083

C:\Program Files (x86)\Microchip\xc8\v2.00\pic\sources\c99\common\doprnt.c
		_vfpfcnvrt     		CODE           	21C6	0000	459
		_pad           		CODE           	2ABA	0000	211
		_dtoa          		CODE           	1AE0	0000	793
		_vfprintf      		CODE           	2E96	0000	99

C:\Program Files (x86)\Microchip\xc8\v2.00\pic\sources\c99\common\doprnt.c estimated size: 1562

shared
		__initialization		CODE           	31BC	0000	37

shared estimated size: 37

C:\Program Files (x86)\Microchip\xc8\v2.00\pic\sources\c99\common\fltol.c
		___fltol       		CODE           	288A	0000	339

C:\Program Files (x86)\Microchip\xc8\v2.00\pic\sources\c99\common\fltol.c estimated size: 339

LCD_16x2_Source_file.c
		_LCD_String    		CODE           	2E30	0000	103
		_LCD_Init      		CODE           	313E	0000	65
		_LCD_Command   		CODE           	3270	0000	29
		_LCD_String_xy 		CODE           	2FB4	0000	95
		_LCD_Char      		CODE           	3254	0000	29
		_LCD_Clear     		CODE           	31EE	0000	39
		_MSdelay       		CODE           	2DBC	0000	117

LCD_16x2_Source_file.c estimated size: 477

C:\Program Files (x86)\Microchip\xc8\v2.00\pic\sources\c99\common\nf_fputs.c
		_fputs         		CODE           	3064	0000	77

C:\Program Files (x86)\Microchip\xc8\v2.00\pic\sources\c99\common\nf_fputs.c estimated size: 77

